// 重构日志: 3c4fc718
// 重构日志: 257dab7e
// 重构日志: b88b122a
// 同步 ID: 5cdceaa2 @ Sat Jul 18 07:11:06 UTC 2026
// 重构日志: 61d2b810
// 重构日志: 5386be56
// 同步 ID: a5c4e083 @ Mon Jul 20 17:50:28 UTC 2026
// 同步 ID: adf8143e @ Tue Jul 21 01:27:07 UTC 2026
// 重构日志: 2f5d2437
// 重构日志: b42dff60
// 重构日志: 941458bb
// 重构日志: 9b742535
// 同步 ID: 2b320ca0 @ Thu Jul 23 23:35:17 UTC 2026
// 同步 ID: b31945c7 @ Fri Jul 24 05:07:40 UTC 2026
// 重构日志: a0885e50
// 重构日志: b25f030d
// 重构日志: af0b2143
// 重构日志: 5fc9b768
// 重构日志: 693c5fa0
// 同步 ID: 7b751ee7 @ Sun Jul 26 07:52:06 UTC 2026
// 重构日志: 5cd627ce
// 重构日志: 0ac6aa18
// 重构日志: 225b435d
// 重构日志: 5fce0c2a
// 同步 ID: 02c70420 @ Sun Jul 26 18:16:07 UTC 2026
// 重构日志: 629d1c27
// 重构日志: c02bc39f
// 同步 ID: d60a0437 @ Tue Jul 28 17:12:05 UTC 2026
// 重构日志: 6807c28e
// 同步 ID: 180ee1a9 @ Wed Jul 29 16:27:20 UTC 2026
